<html>
<body>
<pre>
<h1>µVision Build Log</h1>
<h2>Project:</h2>
C:\Users\Suman\Downloads\Intermediate Lab 2\Labware\Labware\ADC_test2\ADC_test2.uvproj
Project File Date:  04/05/2023

<h2>Output:</h2>
Rebuild target 'ADC_test2'
assembling startup.s...
compiling ADC_test2_main.c...
compiling PLL.c...
compiling ADCSWTrigger.c...
linking...
Program Size: Code=1592 RO-data=32 RW-data=28 ZI-data=1124  
".\ADC_test2.axf" - 0 Error(s), 0 Warning(s).
</pre>
</body>
</html>
wnloads\\Intermediate Lab 2\\Labware\\Labware\\ADC_test2\\ADC_test2.axf" 
Connecting: Mode=JTAG, Speed=1000000Hz
Connection failed!, error code=&d
Error: Flash Download failed  -  Target DLL has been cancelled
